$ bun --bun next build
▲ Next.js 16.1.6 (Turbopack, Cache Components)
- Environments: .env.production

⚠ The "middleware" file convention is deprecated. Please use "proxy" instead. Learn more: https://nextjs.org/docs/messages/middleware-to-proxy
  Creating an optimized production build ...
✓ Compiled successfully in 10.3s
  Running TypeScript ...
Failed to compile.

.next/types/validator.ts:135:31
Type error: Type 'typeof import("D:/SeniorProject/new/growth-check-next-js/app/api/admin/requests/[id]/approve/route")' does not satisfy the constraint 'RouteHandlerConfig<"/api/admin/requests/[id]/approve">'.
  Types of property 'POST' are incompatible.
    Type '(request: Request, { params }: { params: Promise<{ id: string; action: string; }>; }) => Promise<NextResponse<{ success: boolean; }>>' is not assignable to type '(request: NextRequest, context: { params: Promise<{ id: string; }>; }) => void | Response | Promise<void | Response>'.
      Types of parameters '__1' and 'context' are incompatible.
        Type '{ params: Promise<{ id: string; }>; }' is not assignable to type '{ params: Promise<{ id: string; action: string; }>; }'.
          Types of property 'params' are incompatible.
            Type 'Promise<{ id: string; }>' is not assignable to type 'Promise<{ id: string; action: string; }>'.
              Property 'action' is missing in type '{ id: string; }' but required in type '{ id: string; action: string; }'.

[0m [90m 133 |[39m   type __IsExpected[33m<[39m[33mSpecific[39m [36mextends[39m [33mRouteHandlerConfig[39m[33m<[39m[32m"/api/admin/requests/[id]/approve"[39m[33m>>[39m [33m=[39m [33mSpecific[39m
 [90m 134 |[39m   [36mconst[39m handler [33m=[39m {} [36mas[39m [36mtypeof[39m [36mimport[39m([32m"../../app/api/admin/requests/[id]/approve/route.js"[39m)
[31m[1m>[22m[39m[90m 135 |[39m   type __Check [33m=[39m __IsExpected[33m<[39m[36mtypeof[39m handler[33m>[39m
 [90m     |[39m                               [31m[1m^[22m[39m
 [90m 136 |[39m   [90m// @ts-ignore[39m
 [90m 137 |[39m   type __Unused [33m=[39m __Check
 [90m 138 |[39m }[0m
Next.js build worker exited with code: 1 and signal: null
error: script "build" exited with code 1
