
> growth-check-nextjs@0.1.0 lint D:\SeniorProject\new\growth-check-next-js
> eslint


D:\SeniorProject\new\growth-check-next-js\actions\ChildAction.ts
  14:5  error  'persistentMockData' is never reassigned. Use 'const' instead  prefer-const

D:\SeniorProject\new\growth-check-next-js\app\(desktop)\head\children\components\ChildrenTable.tsx
  193:17  warning  Compilation Skipped: Use of incompatible library

This API returns functions which cannot be memoized without leading to stale UI. To prevent this, by default React Compiler will skip memoizing this component/hook. However, you may see issues if values from this API are passed to other components/hooks that are memoized.

D:\SeniorProject\new\growth-check-next-js\app\(desktop)\head\children\components\ChildrenTable.tsx:193:17
  191 |   ];
  192 |
> 193 |   const table = useReactTable({
      |                 ^^^^^^^^^^^^^ TanStack Table's `useReactTable()` API returns functions that cannot be memoized safely
  194 |     data: rawData.data,
  195 |     columns,
  196 |     getCoreRowModel: getCoreRowModel(),  react-hooks/incompatible-library

D:\SeniorProject\new\growth-check-next-js\app\(desktop)\head\children\components\GrowthChart.tsx
  50:31  warning  'childId' is defined but never used  @typescript-eslint/no-unused-vars

D:\SeniorProject\new\growth-check-next-js\app\(desktop)\head\children\components\MeasurementHistory.tsx
  51:38  warning  'childId' is defined but never used  @typescript-eslint/no-unused-vars

D:\SeniorProject\new\growth-check-next-js\app\(desktop)\head\children\page.tsx
  102:12  error  Error: Avoid constructing JSX within try/catch

React does not immediately render components when JSX is rendered, so any errors from this component will not be caught by the try/catch. To catch errors in rendering a given component, wrap that component in an error boundary. (https://react.dev/reference/react/Component#catching-rendering-errors-with-an-error-boundary).

D:\SeniorProject\new\growth-check-next-js\app\(desktop)\head\children\page.tsx:102:12
  100 |     );
  101 |
> 102 |     return <ChildrenTable rawData={data} />;
      |            ^^^^^^^^^^^^^^^^^^^^^^^^^^^^^^^^ Avoid constructing JSX within try/catch
  103 |   } catch (error) {
  104 |     console.error("Failed to load children", error);
  105 |     return (  react-hooks/error-boundaries

D:\SeniorProject\new\growth-check-next-js\components\features\desktop\data-table.tsx
  72:17  warning  Compilation Skipped: Use of incompatible library

This API returns functions which cannot be memoized without leading to stale UI. To prevent this, by default React Compiler will skip memoizing this component/hook. However, you may see issues if values from this API are passed to other components/hooks that are memoized.

D:\SeniorProject\new\growth-check-next-js\components\features\desktop\data-table.tsx:72:17
  70 |   };
  71 |
> 72 |   const table = useReactTable({
     |                 ^^^^^^^^^^^^^ TanStack Table's `useReactTable()` API returns functions that cannot be memoized safely
  73 |     data,
  74 |     columns,
  75 |     getCoreRowModel: getCoreRowModel(),  react-hooks/incompatible-library

D:\SeniorProject\new\growth-check-next-js\proxy.ts
  2:10  warning  'NextRequest' is defined but never used  @typescript-eslint/no-unused-vars

✖ 7 problems (2 errors, 5 warnings)
  1 error and 0 warnings potentially fixable with the `--fix` option.

 ELIFECYCLE  Command failed with exit code 1.
